C:\Users\RicardoFerlaSilva\teamDPSP\DadosDPSP\src\main\java\com\ibm\dpsp\DadosDPSP\model\dao\CloudantConfigurationProperties.java
C:\Users\RicardoFerlaSilva\teamDPSP\DadosDPSP\src\main\java\com\ibm\dpsp\DadosDPSP\controller\DadosController.java
C:\Users\RicardoFerlaSilva\teamDPSP\DadosDPSP\src\main\java\com\ibm\dpsp\DadosDPSP\controller\LoginController.java
C:\Users\RicardoFerlaSilva\teamDPSP\DadosDPSP\src\main\java\com\ibm\dpsp\DadosDPSP\model\dao\CloudantDadosStore.java
C:\Users\RicardoFerlaSilva\teamDPSP\DadosDPSP\src\main\java\com\ibm\dpsp\DadosDPSP\model\dao\CloudantConfiguration.java
C:\Users\RicardoFerlaSilva\teamDPSP\DadosDPSP\src\main\java\com\ibm\dpsp\DadosDPSP\model\dao\VCAPHelper.java
C:\Users\RicardoFerlaSilva\teamDPSP\DadosDPSP\src\main\java\com\ibm\dpsp\DadosDPSP\model\entity\Dados.java
C:\Users\RicardoFerlaSilva\teamDPSP\DadosDPSP\src\main\java\com\ibm\dpsp\DadosDPSP\security\WebSecurityConfig.java
C:\Users\RicardoFerlaSilva\teamDPSP\DadosDPSP\src\main\java\com\ibm\dpsp\DadosDPSP\model\dao\DadosStore.java
C:\Users\RicardoFerlaSilva\teamDPSP\DadosDPSP\src\main\java\com\ibm\dpsp\DadosDPSP\DadosDpspApplication.java
